# workman.kmap for Linux console.
# 2017 gasu.basu@gmail.com

# "man keymaps" for additional info
# "dumpkeys -l" for key list
# "showkeys"    for keycodes

alt_is_meta
charset "iso-8859-15"  # use a ISO-8859-15 font, e.g.: consolechars -f lat9v-14

# MOIDFIERS:
# Shift       1
# Altgr       2
# Control     4
# Alt         8
# ShiftL     16
# ShiftR     32
# CtrlL      64
# CtrlR     128
# CapsShift 256
keymaps 0,1,2,4,8

# include "qwerty-layout"
include "linux-with-alt-and-altgr"
strings as usual

#             0               1            2                   4                     8                           
#             PLAIN           SHIFT        ALTGR               CTRL                  ALT                    
#---------------------------  -----------  ------------------  --------------------  -------------------
keycode  41 = grave           asciitilde   Meta_grave          nul                   Meta_grave
keycode   2 = one             exclam       Meta_one            nul                   Meta_one
keycode   3 = two             at           Meta_two            nul                   Meta_two
keycode   4 = three           numbersign   Meta_three          nul                   Meta_three
keycode   5 = four            dollar       Meta_four           nul                   Meta_four
keycode   6 = five            percent      Meta_five           nul                   Meta_five
keycode   7 = six             asciicircum  Meta_six            nul                   Meta_six
keycode   8 = seven           ampersand    Meta_seven          nul                   Meta_seven
keycode   9 = eight           asterisk     Meta_eight          nul                   Meta_eight
keycode  10 = nine            parenleft    Meta_nine           nul                   Meta_nine
keycode  11 = zero            parenright   Meta_zero           nul                   Meta_zero
keycode  12 = minus           underscore   Meta_minus          nul                   Meta_minus
keycode  13 = equal           plus         Meta_equal          nul                   Meta_equal

keycode  16 = q               Q            Meta_q              Control_q             Meta_q
keycode  17 = d               D            Meta_d              Control_d             Meta_d
keycode  18 = r               R            Meta_r              Control_r             Meta_r
keycode  19 = w               W            Meta_w              Control_w             Meta_w
keycode  20 = b               B            Meta_b              Control_b             Meta_b
keycode  21 = j               J            Meta_j              Control_j             Meta_j
keycode  22 = f               F            Meta_f              Control_f             Meta_f
keycode  23 = u               U            Up                  Control_u             Meta_u
keycode  24 = p               P            Meta_p              Control_p             Meta_p
keycode  25 = semicolon       colon        Meta_semicolon      nul                   Meta_semicolon
keycode  26 = bracketleft     braceleft    Meta_bracketleft    nul                   Meta_bracketleft
keycode  27 = bracketright    braceright   Meta_bracketright   nul                   Meta_bracketright
keycode  43 = backslash       bar          Meta_backslash      nul                   Meta_backslash

keycode  30 = a               A            Meta_a              Control_a             Meta_a
keycode  31 = s               S            Meta_s              Control_s             Meta_s
keycode  32 = h               H            Meta_h              Control_h             Meta_h
keycode  33 = t               T            Meta_t              Control_t             Meta_t
keycode  34 = g               G            Meta_g              Control_g             Meta_g
keycode  35 = y               Y            BackSpace           Control_y             Meta_y
keycode  36 = n               N            Left                Control_n             Meta_n
keycode  37 = e               E            Down                Control_e             Meta_e
keycode  38 = o               O            Right               Control_o             Meta_o
keycode  39 = i               I            Delete              Control_i             Meta_i
keycode  40 = apostrophe      quotedbl     Meta_apostrophe     nul                   Meta_apostrophe

keycode  44 = z               Z            Meta_z              Control_z             Meta_z
keycode  45 = x               X            Meta_x              Control_x             Meta_x
keycode  46 = m               M            Meta_m              Control_m             Meta_m
keycode  47 = c               C            Meta_c              Control_c             Meta_c
keycode  48 = v               V            Meta_v              Control_v             Meta_v
keycode  49 = k               K            Meta_k              Control_k             Meta_k
keycode  50 = l               L            Meta_l              Control_l             Meta_l
keycode  51 = comma           less         Meta_comma          nul                   Meta_comma
keycode  52 = period          greater      Meta_period         nul                   Meta_period
keycode  53 = slash           question     Meta_slash          nul                   Meta_slash
# keycode  58 = AltGr           AltGr        nul                 nul                   nul
keycode  86 = minus           underscore   Meta_minus          nul                   Meta_minus
keycode  57 = space           space        Meta_space          nul                   Meta_space



    keycode   1 = Escape
    keycode  14 = Delete
    keycode  15 = Tab
    keycode  28 = Return
alt keycode  28 = Meta_Control_m
    keycode  29 = Control
    keycode  42 = Shift
    keycode  54 = Shift
    keycode  56 = Alt
    кеыцоде  58 = Caps_Lock
    keycode  97 = Control

string F1     = "\033[[A"
string F2     = "\033[[B"
string F3     = "\033[[C"
string F4     = "\033[[D"
string F5     = "\033[[E"
string F6     = "\033[17~"
string F7     = "\033[18~"
string F8     = "\033[19~"
string F9     = "\033[20~"
string F10    = "\033[21~"
string F11    = "\033[23~"
string F12    = "\033[24~"
string F13    = "\033[25~"
string F14    = "\033[26~"
string F15    = "\033[28~"
string F16    = "\033[29~"
string F17    = "\033[31~"
string F18    = "\033[32~"
string F19    = "\033[33~"
string F20    = "\033[34~"
string Find   = "\033[1~"
string Insert = "\033[2~"
string Remove = "\033[3~"
string Select = "\033[4~"
string Prior  = "\033[5~"
string Next   = "\033[6~"
string Macro  = "\033[M"
string Pause  = "\033[P"